; Дизассемблированное ПЗУ компьютера НЕМИГА ПК 588 версия 3.03
;

000004: DW		; Адрес прерывания
000006: DW		; PSW прерывания
000010: DW		; Адрес прерывания
000012: DW		; PSW прерывания
000014: DW		; Адрес прерывания - прерывание по T-разряду или команда BPT
000016: DW		; PSW прерывания
000020: DW		; Адрес прерывания - команда IOT
000022: DW		; PSW прерывания

000030: DW		; Адрес прерывания - команда EMT
000032: DW		; PSW прерывания
000034: DW		; Адрес прерывания - команда TRAP
000036: DW		; PSW прерывания

000060: DW		; Прерывание клавиатура
000062: DW		; PSW прерывания
000064: DW		; Прерывание дисплей
000066: DW		; PSW прерывания

000100: DW		; Адрес прерывания - EVNT
000102: DW		; PSW прерывания

000110; DW		; Прерывание "мелодия закончилась кодом 040"
000112: DW		; PSW прерывания

000204: DW		; REV    - рабочий регистр
000206: DW		; VFORM  - регистр вертикального формата
000210: DW		; BRIGHT - регистр яркости (0..3)
000212: DW		; XNEW   - регистр новой X-координаты
000214: DW		; YNEW   - регистр новой Y-координаты
000216: DW		; XOLD   - регистр старой X-координаты
000220: DW		; YOLD   - регистр старой Y-координаты

; ==== Начало ПЗУ ====
160000: DW	177570			; ??
160002: DW	160210, 000341		; Вектор прерывания сигнала/команды HALT
160006: DW	162010, 000340		; Вектор прерывания начального пуска
160012: DW	161126, 000340		; Вектор прерывания ошибка при приёме вектора прерывания
160016: JMP     @#163512		; MODE3  - Вызов с запретом системных прерываний
160022: JMP    	@#163532		; SYSLIN - Вывод в служебную строку
160026: JMP    	@#163734		; TT.OUT - Системный вывод через MODE
160032: JMP    	@#163740		; SYSOUT - Системный вывод
160036: JMP    	@#162342		; PRINT  - Вывод текста
160042: JMP    	@#165344		; DRAW   - Нарисовать линию, сохранив XOLD,YOLD
160046: JMP    	@#165336		; QDRAW     то же для QUASIC
160052: JMP    	@#165340		; FDRAW     то же для FORTRAN
160056: JMP    	@#165374		; LINE   - Нарисовать линию
160062: JMP    	@#165366		; QLINE     то же для QUASIC
160066: JMP    	@#165370		; FLINE     то же для FORTRAN
160072: JMP    	@#165604		; POINT  - Нарисовать точку
160076: JMP    	@#165576		; QPOINT    то же для QUASIC
160102: JMP    	@#165600		; FPOINT    то же для FORTRAN
160106: JMP    	@#165670		; RPOINT - Читать яркость точки
160112: JMP    	@#165660		; QRPOIN    то же для QUASIC
160116: JMP    	@#165662		; FRPOIN    то же для FORTRAN
160122: JMP    	@#162304		; DUMP   - напечатать восьмеричное число R3
160126: JMP     @177754			; SOUND

; ==== Обработчики прерываний ========================================================

; Обработка канального сигнала СБРОС
160142: MOV	#000357, @#000206	; 239. -> VFORM
160150: CLR	@#177560		; Сброс состояния клавиатуры
160154: MOV	#000200, @#177564	; Устанавливаем состояние терминала
160162: CLR	@#177770
160166: BIC	#177541, @#177766	; Оставляем только флаги #136
160174: MOV	(SP)+, R0
160176: JMP	@#161060		; Завершаем обработку прерывания HALT
;
; Обработка нажатия СТОП?? кнопки ОСТ??
160202: MOV	(SP)+, R0		; Восстанавливаем R0
160204: JMP	@#161126		; Переходим к сохранению регистров и пульту
;
; Обработчик прерывания по сигналу/команде HALT
160210: CMP	#056311, @#177776	; Проверка, настроена ли память режима HALT
160216: BEQ	160224			; Да, настроена
160220: JMP	@#162010		; Нет => выход на процедуру холодного старта
160224: MOV	R0, -(SP)		; Сохраняем R0 чтобы не испортить
160226: BIS	#000200, @#177564	; Устанавливаем состояние терминала
160234: BIT	#176000, @#170006	; Проверка регистра фиксации HALT
160242: BMI	160142			; Канальный сигнал СБРОС? => переходим
160244: BEQ	160202			; 6 ст битов пусты - кнопка ОСТ?? => переходим
160246: BIT	#004000, @#170006	; Сигнал Н4? - адаптер локальной сети
160254: BEQ	160262			; Нет
160256: CALL	@000104			; ??
160262: BIT	#040000, @#170006	; Сигнал Н1? - обращение к 177566
160270: BEQ	160302			; Нет
160272: MOV	@#177566, R0		; Регистр данных терминала
160276: CALL	@#163740		; SYSOUT Вывод символа R0 на экран
160302: BIT	#020000, @#170006	; Сигнал Н2? - обращение к 177562
160310: BEQ	160334			; Нет
160312: MOVB	@#177767, R0		; Провека буферной ячейки клавиатуры
160316: BEQ	160326			; буфер пуст => переходим
160320:	CLRB	@#177767		; Очищаем буфер
160324:	BR	160520
160326: BIC	#177677, @#177560	; Чистим ~0100 в рег.статуса клавиатуры - есть клавиша
160334: MOV	@#170006, R0
160340: BIT	#002000, R0		; Пришёл байт с клавиатуры?
160344: BEQ	160600			; Нет
160346: BIC	#177400, R0		; Оставляем байт поступивший с клавиатуры
160352: BEQ	160202			; Символ 00 - СТОП?
; Нажата клавиша - выдаём звук нажатия клавиши
160354: MOV	R1, -(SP)
160356: MOV	R2, -(SP)
160360: TSTB	@#177761		; Флаг блокировки вызова SOUND
160364: BNE	160402			; <> 0 => не вызывать повторно
160366: CALL	@#160126		; SOUND
160372: BR	160402
160374: DW	160376			; Адрес мелодии нажатия клавиши
160376: DB	011, 214, 001, 000	; Мелодия - звук длиной 1/50 сек
; Обработка нажатой клавиши
160402: MOV	#177766, R1		; Адрес флагов
160406: MOV	#000100, R2
160412: TSTB	(R1)
160414: BPL	160514
160416: BITB   	#000300, R0
160422: BEQ    	160472
160424: BPL    	160454
160426: BIT    	R2, R0
160430: BEQ    	160514
160432: BIC    	#177600, R0
160436: BITB   	R2, (R1)+
160440: BNE    	160514
160442: MOVB   	R0, (R1)
160444: MOV    	#000016, R0
160450: BISB   	R2, -(R1)
160452: BR     	160514
160454: BITB   	R2, (R1)+
160456: BEQ    	160514
160460: MOVB   	R0, (R1)
160462: MOV    	#000017, R0
160466: BICB   	R2, -(R1)
160470: BR     	160514
160472: CMPB   	R0, #000040
160476: BHIS   	160514
160500: MOVB   	161066(R0), @#177767	; Нажатая клавиша -> в буферную ячейку
160506: BEQ    	160514
160510: MOV    	#000033, R0
;
160514: MOV	(SP)+, R2
160516: MOV	(SP)+, R1
160520: MOV	R0, @#177562		; Заносим символ в рег.данных клавиатуры
160524: MOV	(SP)+, R0
160526: BIS	#000200, @#177560	; Состояние клавиатуры - сброс бита готовности
160534: BIT	#000100, @#177560	; Состояние клавиатуры - разрешено прерывание?
160542: BEQ	161060			; нет => Завершаем обработку прерывания HALT
160544: BISB   	#000001, @#177766
160552: TSTB   	000002(SP)
160556: BMI    	161060
160560: BICB   	#000001, @#177766
160566: MOV    	@#000062, -(SP)		; Кладём в стек PSW
160572: MOV    	@#000060, -(SP)		; адрес прерывания по вектору 60
160576: BR     	161060			; Переход по прерыванию
;
160600: MOV	(SP)+, R0		; Восстанавливаем R0
160602: BIT	#010000, @#170006	; Сигнал Н3?
160610: BEQ	161060			; нет => Завершаем обработку прерывания HALT
; Обработка сигнала Н3 - кадровый синхроимпульс, 50 Гц
160612: MOV	R4, -(SP)		; Сохраняем R4
160614: TSTB	@#177761		; Флаг блокировки SOUND
160620: BPL	160746			; bit7=0 - блокировано => переходим
160622: MOV	@#177752, R4		; Берём адрес продолжения мелодии
160626: INCB	@#177760		; Увеличиваем счётчик длительности ноты
160632: CMPB	@#177760, 177777(R4)	; Сравниваем с длительностью ноты
160640: BLO	160746			; пока не кончилась => переходим
160642: TSTB	(R4)			; 200 ?
160644: BMI	160742			; да => переходим
160646: BITB	#000037, (R4)		; Есть ещё нота мелодии?
160652: BNE	160736			; да => переходим
160654: BICB	#000200, @#177761	; Снимаем флаг блокировки SOUND
; Обработка флагов завершения мелодии
160662: BITB	#000040, (R4)		; 040 и 140 ?
160666: BNE	160712			; да => переходим
160670: TSTB	(R4)			; 000 ? (никаких действий по окончании мелодии)
160672: BEQ	160746			; да => переходим
160674: MOV    	@#177750, @#160710	; Копируем адрес начала мелодии??
160702: CALL   	@#160126		; SOUND
160706: BR     	160746			; переходим к работе с курсором
160710: DW	000000
; Окончание мелодии байтом 040 либо 140
160712: BITB   	#000100, (R4)+		; байт 140?
160716: BNE    	160732			; да => переход
160720: MOV    	(SP)+, R4
160722: CLRB   	@#170006		; Разрешаем системные прерывания
160726: MOV    	@#000110, PC		; Переход на прерывание по вектору 110
; Окончание мелодии байтом 140
160732: CLRB   	(R4)			; Очистка байта после конца мелодии
160734: BR     	160746			; переходим к работе с курсором
;
160736: MOVB   	(R4)+, @#170030		; Октава и громкость
160742: CALL   	@#162560		; Обработка продолжения мелодии
; Мигание курсора
160746: DECB	@#177756		; Уменьшаем счётчик мигания
160752: BPL	161020			; значение >= 0 ? => переходим
160754: MOVB	#000007, @#177756	; Новое значение счётчика
160762: COMB	@#177757		; Инвертировать состояние курсора при мигании
160766: MOV	@#177772, R4		; Смещение курсора
160772: BMI	161020
160774: TSTB	@#177771		; Состояние курсора??
161000: BMI	161020
161002: ADD	#143105, R4		; + косвенный адрес, начало 25-й строки экрана
161006: BPL	161020			; Если за экраном => переходим
161010: MOV	R4, @#177572		; Устанавливаем косвенный адрес
161014: COM	@#177570		; Инвертирование восьми пикселей курсора
161020: MOV	(SP)+, R4		; Восстанавливаем R4
161022: TSTB	000002(SP)
161026: BMI	161060			; ?? => Завершаем обработку прерывания HALT
161030: BITB   	#000001, @#177766
161036: BNE    	160560
161040: BIT    	#000100, @#177564	; Разрешено прерывание в рег.состояния терминала?
161046: BEQ    	161060			; нет => переходим
161050: MOV    	@#000066, -(SP)		; Кладём в стек вызов
161054: MOV    	@#000064, -(SP)		; прерывания по вектору 64
; Завершение обработки прерывания HALT
161060: CLRB	@#170006		; Разрешаем системные прерывания
161064: RTI	
; Таблица байт
161066:

; Обработка прерывания?? Сохранение регистров и переход к пульту
161126: MOV	(SP)+, @#177736		; Сохраняем PC
161132: MOV	(SP)+, @#177740		; Сохраняем PSW
161136: MOV	SP, @#177734		; Сохраняем SP
161142: MOV	#177734, SP		; Сохраняем остальные регистры
161146: MOV	R5, -(SP)		; -> 177732
161150: MOV	R4, -(SP)		; -> 177730
161152: MOV	R3, -(SP)		; -> 177726
161154: MOV	R2, -(SP)		; -> 177724
161156: MOV	R1, -(SP)		; -> 177722
161160: MOV	R0, -(SP)		; -> 177720 - начало блока регистров
161162: MOV	@#000004, -(SP)
161166: MOV	@#000006, -(SP)
161172: MOV	@#177766, -(SP)
161176: CLR	@#177766
161202: MOV	#000340, @#000006	; PSW для прерывания
161210: MOV	#161406, @#000004	; Адрес прерывания??
161216: MOV	#000060, @#170010
161224: BR	161406			; Переход к пультовому терминалу
;
; ==== Программа пультового терминала ================================================
;
; Просмотр ячеек памяти - переход к следующему слову
161226: INC	R2
161230: INC	R2
; Команда '/' - просмотр ячеек памяти
161232: MOV	#162764, R5		; Строка
161236: CALL	@#162342		; Вывод строки, адрес в R5
161242: MOV	R2, R3			; Печатаем адрес
161244: CALL	@#162304		; Вывод R3 как 8-ричного числа
161250: MOV	(R2), R3		; Печатаем значение
161252: CALL	@#162304		; Вывод R3 как 8-ричного числа
161256: CALL	@#162356		; Получаем команду с клавиатуры
161262: TST	R1
161264: BEQ	161270
161266:	MOV	R5, (R2)		; Заносим новое значение
161270: CMPB	#000012, R0		; Нажали ПС?
161274: BEQ	161226			; Да, переходим к следующему слову памяти
161276: CMPB	#000015, R0		; Нажали ВВОД?
161302: BEQ	161406			; Да, возвращамся в пульт
161304: CMPB	#000136, R0		; Нажали '^' ?
161310: BNE	161516			; Нет - выводим признак ошибки и в пульт
161312: DEC	R2			; Переходим к предыдущему слову памяти
161314: DEC	R2
161316: BR	161232
;
; Команда 'G' - продолжение выполнения программы
161320: MOV	(SP)+, @#177766
161324: TST	R1			; Параметр задан?
161326: BEQ	161342			; Нет => восстановление регистров и возврат
161330: CLR	@#177740
161334: MOV	R5, @#177736		; Адрес запуска
161340: RESET	
; Восстановление всех регистров, возврат из прерывания
161342: MOV	(SP)+, @#000006
161346: MOV	(SP)+, @#000004
161352: MOV	(SP)+, R0
161354: MOV	(SP)+, R1
161356: MOV	(SP)+, R2
161360: MOV	(SP)+, R3
161362: MOV	(SP)+, R4
161364: MOV	(SP)+, R5
161366: MOV	(SP), SP
161370: MOV	@#177740, -(SP)		; PSW
161374: MOV	@#177736, -(SP)		; PC
161400: RTI	
;
; Вывод символа и переход к пульту
161402: CALL	@#163734		; TT.OUT Вывод символа
; Вывод приглашения пульта и ожидание команды
161406: MOV	#162752, R5		; Строка "Пульт>"
161412: MOV	#177712, SP
161416: MOV	#000340, @#000006	; PSW для прерывания
161424: MOV	#161516, @#000004	; Адрес прерывания??
161432: CALL	@#162342		; PRINT Вывод строки, адрес в R5
161436: CALL	@#162356		; Получаем команду с клавиатуры
161442: MOV	R5, R2
161444: CMPB	#000057, R0		; Символ '/' - просмотр ячеек памяти
161450: BEQ	161232
161452: CMPB	#000123, R0		; Символ 'S' - вывод регистров ЦП
161456: BEQ	161524
161460: CMPB	#000107, R0		; Символ 'G' - выполнение программы
161464: BEQ	161320
161466: CMPB	#000104, R0		; Символ 'D' - загрузка с диска MD
161472: BEQ	161764
161474: CMPB	#000130, R0		; Символ 'X' - загрузка с диска DX
161500: BEQ	161646
161502: CMPB	#000116, R0		; Символ 'N' - загрузка с сети
161506: BEQ	162010			; Переход на программу холодного старта
161510: CMPB	#000014, R0		; Нажат УПР + L - очистка экрана
161514: BEQ	161402			; Вывод символа 014 и возврат к пульту
; Вывод знака вопроса (ошибка выполнения команды) и возврат в пультовый режим
161516: MOV	#162751, R5		; Строка " ?"
161522: BR	161412
;
; Команда 'S' - вывод на экран регистров процессора
161524: MOV	#000011, R2		; 9 регистров
161530: MOV	#161556, R5		; Строка с названиями регистров
161534: CALL	@#162342		; Вывод строки
161540: MOV	#177720, R4		; Адрес блока сохранённых регистров
161544: MOV	(R4)+, R3
161546: CALL	@#162304		; Вывод R3 как 8-ричного числа
161552: SOB	R2, 161544
161554: BR	161406			; Возврат в пульт
161556: DB	...			; Строка с названиями регистров ЦП

; Команда 'X' - загрузка с устройства DX
; (код загрузчика практически повторяет код загрузчика с DX/RX01 из ПЗУ ДВК)
161646: MOV	#100247, R2
161652: CMP	R5, #000001		; номер диска = 1 ?
161656: BLO	161666			; меньше 1 => переходим
161660:	BHI	161516			; больше 1 => показываем признак ошибки, возврат в пульт
161662:	BIS	#000020, R2
161666: MOV	#177170, R1		; Адрес регистра команд/состояния
161672: MOV	#040000, (R1)
161676: BITB	R2, (R1)		; <
161700: BEQ	161676			; / Ожидаем результат или ошибку
161702:	MOV	#000007, R3
161706:	MOV	R1, R0
161710:	MOV	R2, (R0)+
161712:	BR	161720
161714:	MOV    	#000001, (R0)
161720:	ASR    	R3			; 007 -> 003 -> 001 -> 000
161722:	BLO    	161730			; 
161724:	MOV    	(PC)+, (R1)		; 
161726:	MOVB   	(R0), (R3)+		; сохраняем полученный байт
161730:	BIT    	R2, (R1)		; <
161732:	BEQ    	161730			; / Ожидаем результат или ошибку
161734:	BMI    	161676			; 
161736:	BLO    	161714			; повтор
161740:	TSTB   	(R1)
161742:	BMI    	161726
161744:	CLR    	R0
161746:	CMPB   	#000247, R2
161752:	ADC    	R0
161754:	MOV    	#000200, @#177766
161762:	CLR    	PC			; Запуск полученного блока
;
; Команда 'D' - загрузка с диска
161764: CMP	R5, #000007		; Номер устройства больше 7?
161770: BHI	161516			; Да => показать признак ошибки, возврат в пульт
161772: CALL	@#162774		; MDBOOT - загрузка данных с дисковода
161776: BLO	161516			; Ошибка? => возврат в пульт
162000: MOV	#000200, @#177766
162006: CLR	PC			; Запуск полученного блока
;
; ==== Программа холодного старта ====================================================
;
; Холодный старт при включении питания
162010: MOV	#001000, SP		; Устанавливаем стек
162014: CLR	R0
162016: MOV	#056311, -(R0)		; -> (177776)
162022: MOV	#166064, -(R0)		; Адрес стандартного знакогенератора -> (177774)
162026: MOV	#000010, R1
162032: CLR	-(R0)			; <|
162034: SOB	R1, 162032		;  / Очищаем 010 слов 177754-177773 - переменные??
162036: MOV	#162556, @#177754	; Подставляем в SOUND пустую подпрограмму
162044: MOV	#162064, @#000004
162052: CLR	@#170024		; Сброс второго счётчика??
162056: MOV	#162474, @#177754	; Адрес полноценной программы SOUND
162064: RESET				; Сбрасываемся и переходим в режим USER??
162066: MOV	#000021, R0		; Символ очистки всего экрана
162072: CALL	@#163740		; SYSOUT Вывод символа R0 на экран
162076: CALL	@#163532		; SYSLIN Вывод в служебную строку
162102: BR	162106
162104: DW	162664			; Адрес строки названия машины и версии ПЗУ
162106: MOV	#161126, @#000004	; Адрес прерывания?? - переход в пульт
162114: MOV	#000340, @#000006	; PSW для прерывания
; Попытка загрузки из сети
162122: MOV	#170010, R4		; Адрес регистра состояния локальной сети
162126: MOV	#000014, (R4)		; Настройка состояния сетевого адаптера
162132: MOV	#162723, R5		; Адрес строки "ждите..."
162136: CALL	@#162342		; Вывод строки; после этого R5 = "Ошибка сети ? Пульт>"
162142: MOV	#162274, @#000004	; Адрес прерывания ??
162150: BIT	#100040, (R4)		; Проверяем состояние локальной сети
162154: BMI	162274			; ошибка сети, выходим
162156: BEQ    	162150
162160: TST    	(R4)
162162: MOVB   	#000003, @#170006	; Запрещение прерываний??
162170: MOV    	#000016, (R4)
162174: CALL   	@#162252		; Ожидаем слово из сети
162200: MOV    	000002(R4), R2		; Получили количество слов в блоке
162204: MOV    	R2, R3
162206: ASL    	R3			; Удваиваем - получаем адрес за концом блока
162210: CMP    	(R3)+, (R3)+		; Сдвигаем R3 ещё на 2 слова вперёд
162212: MOV    	R3, SP			; Новый стек
162214: CLR    	R0			; R0 = 0 - адрес куда читаем блок
162216: CALL   	@#162252		;<| Ожидаем слово из сети
162222: MOV    	000002(R4), (R0)+	; | Сохраняем полученое слово
162226: SOB    	R2, 162216		; / продолжаем
162230: MOV    	#000020, (R4)
162234: CLR    	-(SP)			; оставляем PSW = 0 для RTI
162236: CLR    	-(SP)			; оставляем PC = 0 для RTI
162240: BIS    	#000200, @#177766
162246: JMP    	@#161060		; разрешение прерываний и RTI
; Подпрограмма - ожидание слова из сети
162252: MOV    	#037777, R1		; счётчик ожидания
162256: BIT    	#100040, (R4)
162262: BMI    	162274			; ошибка сети, выходим
162264: BEQ    	162272
162266: TST    	(R4)
162270: RETURN 	
162272: SOB    	R1, 162256
162274: MOV	#002060, (R4)
162300: JMP	@#161412		; Выводим "Ошибка сети ? Пульт>" и в пульт
;
; ==== Программы вывода на экран чисел и строк =======================================
;
; Подпрограмма DUMP Вывод слова как 8-ричного числа; R3 = число
162304: MOV	#000006, R1		; Шесть разрядов
162310: CLR	R0
162312: ROL	R3
162314: ROL	R0
162316: ADD	#000060, R0		; '0'
162322: CALL	@#163734		; TT.OUT Вывод символа
162326: CLR	R0
162330: ROL	R3
162332: ROL	R0
162334: ROL	R3
162336: ROL	R0
162340: SOB	R1, 162312
; Подпрограмма PRINT - Вывод строки на экран; R5 = адрес строки
162342: MOVB	(R5)+, R0		; Очередной символ
162344: BNE	162350			; Не ноль?
162346: RETURN				; Конец строки, выходим
162350: CALL	@#163734		; TT.OUT Вывод символа
162354: BR	162342			; Продолжаем вывод строки
;
; Ввод команды; команда это символ либо 8-ричное число (параметр) и символ
162356: CLR	R1			; Длина параметра пока нулевая
162360: CLR	R5			; Параметр по умолчанию = 0
162362: TSTB	@#177560		; Получен ли символ с клавиатуры?
162366: BPL	162362			; Пока не получен
162370: MOVB	@#177562, R3		; Считываем символ
162374: CMPB	R3, #000177
162400: BNE	162430
162402: DEC	R1
162404: BMI	162356
162406: ASH    	R5, #177775
162412: BIC    	#160000, R5
162416: MOV    	#000134, R0
162422: CALL   	@#163734		; TT.OUT Вывод символа
162426: BR     	162362
162430: MOV	R3, R0
162432: CMPB	R0, #000040		; Это спецсимвол с кодом меньше кода пробела?
162436: BLO	162346			; Да => выходим
162440: CALL	@#163734		; TT.OUT Вывод символа
162444: BIC	#177407, R3
162450: CMP	#000060, R3		; Это цифра?
162454: BNE	162346			; Нет => выходим
162456: BIC	#177770, R0
162462: ASH	R5, #000003
162466: BIS	R0, R5			; Добавляем 8-ричную позицию к числу в R5
162470: INC	R1			; Длина строки увеличилась
162472: BR	162362			; Переходим к ожиданию следующего символа
; 
; Подпрограмма SOUND
162474: MOV	R4, -(SP)		; Сохраняем R4
162476: BICB	#000200, @#177761	; Предотвращаем повторный вызов SOUND: bit7=0
162504: CLR	@#170024		; Сброс таймер 2 (длительности)
162510: MOV	000002(SP), R4		; Откуда вызвали SOUND
162514: MOV	000002(R4), R4		; Получаем адрес мелодии 
162520: TSTB	(R4)
162522: BEQ	162554
162524: MOV	R4, @#177750		; Запоминаем адрес начала мелодии
162530: MOV	#001516, @#170020	; Пишем в регистр состояния таймера
162536: MOVB	(R4)+, @#170030		; Октава и громкость
162542: CALL	@#162560		; Обработка продолжения мелодии
162546: BISB	#000200, @#177761	; Возвращаем флаг блокировки SOUND: bit7=1
162554: MOV	(SP)+, R4		; Восстанавливаем R4
162556: RETURN	
;
162560: MOV	R3, -(SP)		; Сохраняем R3
162562: MOVB	(R4)+, R3
162564: BIC	#177760, R3		; Оставляем нижние 4 бита - 00..17
162570: ASL	R3			; и умножаем на 2
162572: MOV	162624(R3), @#170022	; Выбираем по R3 слово и пишем в первый счётчик
162600: MOVB	(R4)+, @#170024		; Задаём длительность
162604: CLRB	@#177760		; Очищаем счётчик длительности ноты
162610: MOV	R4, @#177752		; Запоминаем адрес продолжения мелодии
162614: TST	@#170026		; Устанавливаем триггер таймера
162620: MOV	(SP)+, R3		; Восстанавливаем R3
162622: RETURN
; Значения задержки первого таймера для нот
162624: DW	000000, 003570, 003414, 003246, 003110, 002754, 002630, 002510
162644: DW	002374, 002264, 002160, 002061, 001764, 000000, 000000, 000000

;
; ==== Подпрограммы работы с дисководом MD - см. BOOT.MAC ============================
;
; MDBOOT - Чтение с дисковода для загрузки; R5 = номер устройства
162774: CALL	@#163512		; MODE3
163000: MOV	#000001, R4
163004: MOV	R5, -(SP)		; логический номер устройства
163006: ASR	R5			; получаем номер привода (мл. бит - номер поверхности, в переносе)
163010: BHIS	163016
163012: ADD	#000004, R5		; выбор второго физического привода
163016: MOV	R5, @#004002		; B$PDN - физический номер устройства
163022: MOV	#000400, -(SP)		; один блок по адресу 0 с 1-го сектора
163026: CLR	-(SP)
163030: MOV	R4, -(SP)		; Сохраняем R4
163032: MOV	#000006, R1		; Stp1st - повторять 6 раз
163036: MOV	#000070, R0		;<| StForw!MotrOn - мотор и ШАГ ВПЕРЁД
163042: CALL	@#163342		; | .SCOM - готовимся и запускаем команду
163046: SOB	R1, 163036		; / Повтор цикла
163050: MOV	#000030, R0		; StBack!MotrOn - мотор и ШАГ НАЗАД
163054: CALL	@#163342		; .SCOM - готовимся и запускаем команду
163060: CLR	@#177106		; RgTime - сбрасываем таймер
163064: BIT	R4, @#177106		; RgTime, Timer - ждём
163070: BNE	163064
163072: BIT	#000010, (R5)		; Tr00 - дорожка 0?
163076: BNE	163050			; Нет => повторяем ШАГ НАЗАД
163100: CLR	@#177106		;<| RgTime - сбрасываем таймер
163104: BIT	R4, (R5)		; | Reload - неготов?
163106: BEQ	163116			; | Готов - переходим к чтению описателя (ERR1)
163110: SOB	R2, 163100		; / Ждём
163112: JMP	@#163332		; в исходнике здесь HALT1 - тут заменено на выход с ошибкой
; ERR1 - читаем описатель дорожек (число секторов на каждой дорожке)
163116: MOVB	R4, R0			; количество секторов = 1
163120: MOV	#004004, R3		; B$Area - адрес буфера
163124: CALL	@#163402		; .RDTR - читаем сектора
163130: CLR	@#004000		; B$Trck
; LOOP0 - читаем дорожку в буфер
163134: MOV	@#004000, R0		; B$Trck
163140: MOVB	004016(R0), R0		; B$Dscr(R0) - число секторов на этой дорожке
163144: MOV	#004140, R3		; B$Buff - куда читать дорожку
163150: CALL	@#163402		; .RDTR
; LOOP - поиск нужного сектора в описателе дорожки
163154: CLR	R1
163156: MOV	#004016, R5		; B$Dscr
163162: MOV	#000120, R4		; MaxTr
163166: MOVB	(R5)+, R2
163170: MOV	R1, R0
163172: ADD	R2, R1
163174: CMP	R1, (SP)
163176: BHI	163206			; => ERR2
163200: SOB    	R4, 163166
163202: JMP    	@#163332		; в исходнике здесь HALT2 - тут заменено на выход с ошибкой
;
; ERR2 - нужный сектор найден на этой дорожке
163206: MOV	(SP), R3		; абсолютный номер сектора
163210: SUB	R0, R3			; относительный номер сектора на дорожке
163212: SUB	#000120, R4		; MaxTr - минус нужная дорожка
163216: ADD	@#004000, R4		; B$Trck
163222: BEQ	163256			; та же дорожка => переходим дальше
163224: MOV    	#000030, R0		; StBack!MotrOn
163230: SUB    	R4, @#004000		; B$Trck - запоминаем нужную дорожку
163234: TST    	R4
163236: BPL    	163246			; текущая дорожка > нужной => назад
163240: MOV    	#000070, R0		; StForw!MotrOn
163244: NEG    	R4			; иначе - вперёд
163246: CALL   	@#163342		; .SCOM
163252: SOB    	R4, 163246
163254: BR     	163134			; => LOOP0
;
163256: INC	R3
163260: MOV	#003750, R5
163264: ADD	#000202, R5		; Sector+Check
163270: SOB	R3, 163264		; R5 = адрес сектора в буфере
163272: MOV	#000100, R4		; Sector/2
163276: MOV	(SP)+, R3		; абсолютный номер сектора
163300: MOV	(SP)+, R2		; буфер пользователя
163302: MOV	(R5)+, (R2)+
163304: DEC	(SP)
163306: BEQ	163322			; счётчик пуст => выход
163310: SOB	R4, 163302
163312: INC	R3			; следующий сектор
163314: MOV	R2, -(SP)
163316: MOV	R3, -(SP)
163320: BR	163154			; => LOOP
163322: TST	(SP)+
163324: MOV	(SP)+, R0
163326: BR	163340			; RET0
;
163330: TST	(SP)+
163332: MOV	(SP)+, (SP)+
163334: MOV	(SP)+, (SP)+
163336: SEC				; признак ошибки
163340: RETURN				; RET0
;
; .SCOM - Подготовка и запуск операции; R0 = операция
163342: MOV	#177106, R5		; RgTime - адрес регистра таймера дисковода
163346: MOV	#000006, R2		; Stp1st - 3 мс * 6 = 18 мс
163352: CLR	(R5)			; Стартуем таймер
163354: BIT	#000001, (R5)		; Timer - таймер досчитал?
163360: BNE	163354			; Нет
163362: SOB	R2, 163352		; Продолжаем ждать
163364: BIS	@#004002, R0		; B$PDN - добавляем номер устройства
163370: MOV	R0, -(R5)		; RgCtrl - задаём режим
163372: TST	-(R5)			; RgData - заполняем флаги из регистра данных
163374: MOV	#000001, -(R5)		; RgStat, Run.St - запуск операции
163400: RETURN				; теперь R5 = адрес регистра состояния
;
; .RDTR - Чтение секторов; R0 = кол-во секторов, R3 = адрес куда читать
163402: MOV	R3, R1			; буфер
163404: MOV	R0, -(SP)		; число секторов
163406: MOV	#000012, R4		; Head+Check - размер заголовка дорожки
163412: ADD	#000202, R4		; Sector+Check - размер сектора
163416: SOB	R0, 163412		; умножаем на кол-во секторов
163420: MOV	#000010, R0		; Read!MotrOn - включить мотор и читать
163424: CALL	@#163342		; .SCOM - организуем запуск команды
163430: MOV	#177102, R2		; RgData - адрес регистра данных дисковода
163434: TSTB	(R5)			; готов прочитанный байт?
163436: BPL	163434			; пока нет - TR не установлен
163440: MOVB	(R2), (R1)+		; читаем очередной байт
163442: SOB	R4, 163434		; переходим к следующему
163444: MOV	(R5), R0		; запомним состояние
163446: CLR	(R5)			; окончание операции чтения
163450: MOV	(SP)+, R4		; вспомним кол-во секторов (этого шага нет в BOOT.MAC - см. заметку ниже)
163452: INC	R4
163454: BIT	#000141, R0		; OpFail, LostD, Reload?
163460: BNE	163330			; Да - завершаемся с ошибкой
163462: MOV	#000010, R0		; Head - длина заголовка (следующего сектора)
163466: CLR	R2			; Начинаем считать контрольную сумму
163470: MOVB	(R3)+, R1		; Очередной байт
163472: ADD	R1, R2			; Добавляем к сумме
163474: SOB	R0, 163470
163476: MOV	#000200, R0		; Sector - длина сектора
163502: CMP	R2, (R3)+		; Сумма совпала?
163504: BNE	163330			; Нет - завершаемся с ошибкой
163506: SOB	R4, 163466		; Продолжаем подсчёт сумм секторов
163510: RETURN
;
; MODE3: Вызов подпрограммы с запретом системных прерываний (см. TTIO.MAC)
163512: MOVB	#000003, @#170006	; MODE - запрещение прерываний
163520: CALL	@(SP)+			; Выполняем как п/п то что после CALL @#163512
163522: MOVB	#000000, @#170006	; MODE - разрешение прерываний
163530: RETURN	
;
; SYSLIN: Вывод в служебную строку (см. TTIO.MAC)
163532: CALL	@#163512		; MODE3
163536: MOV	R0, -(SP)
163540: MOV	R1, -(SP)
163542: MOV	#177772, R0		; POSITN - место курсора
163546: MOV	(R0), -(SP)		; сохранить позицию
163550: MOV	-(R0), -(SP)		; AR2, RGMOUT
163552: MOV	000012(SP), R1		; параметр (адрес строки)
163556: CMP	(R0)+, (R1)+
163560: MOV	(R1), R1
163562: MOVB	(R1)+, (R0)+
163564: CLRB	(R0)+
163566: ADD	#176000, -(R0)		; BEG.SL - отн.адрес служебной строки
163572: CLR	-(R0)			; AR2, RGMOUT = 0
163574: BIS	#000010, -(R0)		; SY.LIN в RGMIOT - вывод сл.строки
; SLOUT - цикл вывода символов служебной строки
163600: CMP	@#177772, #176062	; POSITN, BEG.SL+LENGHT - конец строки?
163606: BGE	163622			; => OUTSL
163610: MOVB	(R1)+, R0		; Получаем следующий символ
163612: BEQ	163622			; 0? => OUTSL
163614: CALL	@#163740		; SYSOUT Вывод символа на экран
163620: BR	163600
; OUTSL - восстановление после вывода служебной строки
163622: MOV	#177766, R0		; RGMIOT
163626: BIC	#000010, (R0)+		; SY.LIN
163632: MOV	(SP)+, (R0)+
163634: MOV	(SP)+, (R0)+
163636: MOV	(SP)+, R1
163640: MOV	(SP)+, R0
163642: RETURN
;
; SETCRS - прямая адресация курсора (символ ESC+131 / код 20)
163644: MOV    	#177772, R4		; POSITN
163650: SUB    	#000040, R2		; вычитаем код пробела - номер строки/позиции
163654: BPL    	163660
163656: CLR    	R2
163660: DECB   	@#177770		; AR2 - первый или второй байт последовательности?
163664: BEQ    	163714			; => CPOS (номер позиции)
163666: MOV    	#000027, R5		; макс. номер строки (23.)
163672: CMP    	R2, R5
163674: BHI    	163700
163676: MOV    	R2, R5
163700: MUL    	R5, #001200		; SKIP - вычислить отн.адрес
163704: BIC    	#177700, (R4)
163710: BIS    	R5, (R4)		; CFORM
163712: BR     	164306			; => OUTT
; CPOS - номер позиции в строке
163714: MOV    	#000061, R5		; макс. номер позиции (LENGHT-1)
163720: CMP    	R2, R5
163722: BHI    	163726
163724: MOV    	R2, R5
163726: BIC    	#000077, (R4)
163732: BR     	163710			; => CFORM
;
; ==== Программа вывода символов на экран - см. TTIO.MAC =============================
;
; TT.OUT Вывод символа на экран; мл.байт R0 = символ
163734: CALL	@#163512		; MODE3
; SYSOUT Вход - вывод символа (он же MODOUT в исходнике)
; Стандартная подпрограмма вывода символа
163740: MOV	R0, -(SP)
163742: MOV	R1, -(SP)
163744: MOV	R2, -(SP)
163746: MOV	R3, -(SP)
163750: MOV	R4, -(SP)
163752: MOV	R5, -(SP)
163754: CALL	@#165176		; CURSOR - убрать курсор если он виден
163760: MOV	000012(SP), R2		; выводимый символ
163764: BIC	#177400, R2		; Оставляем только младший байт
163770: MOV	#177770, R5		; AR2
163774: TSTB	(R5)			; авторегистр?
163776: BPL	164032			; => NOAR2
164000: CLRB	(R5)
164002: CMP	R2, #000131		; коды командных последовательностей VT-52
164006: BEQ	164302			; => SET
164010: CMP	R2, #000113
164014: BHI	164306			; => OUTT
164016: SUB	#000100, R2
164022: BMI	164306			; => OUTT
164024: MOVB	165306(R2), R4		; TAR2(R2)
164030: BR	164266			; => CALLR
; NOAR2 - нет активного авторегистра => SETCRS, либо обычный вывод символа
164032: BNE	163644			; => SETCRS
164034: MOVB	@#177766, R4		; RGMIOT - VT52 или "Немига"?
164040: BPL	164072			; Немига
164042: CLR	@#177762		; | M.XOR - маска инверсии (фона) для символа
164046: CLR	@#177764		; | M.BIC - маска гашения символа перед выводом
164052: ROLB	R2
164054: CLC
164056: BPL	164070			; не буква
164060: BITB	#000040, R4		; EN.RUS в RGMIOT - русский регистр?
164064: BEQ	164070			; латинский регистр
164070: RORB	R2
; VISI - вывод отображаемого символа матрицей 8x10
164072: CMP	R2, #000040
164076: BLO	164230			; символ < 040 => CTRL
164100: CMP	#166064, @#177774	; DIGIT, SYMGEN - знакогенератор стандартный?
164106: BNE	164130			; нет => переход
164110: ROLB	R2
164112: BPL	164120
164114: BIC	#000100, R2
164120: BHIS	164126
164122: BIS	#000100, R2
164126: ASR	R2
164130: ADD	#142005, R3		; BEGIN0 - начало основной части экрана (абсол. адрес позиции)
164134: SUB	#000040, R2		; Символ минус 32.
164140: ASL	R2			; Дальше умножаем на 10.
164142: MOV	R2, R5			;
164144: ASL	R2			;
164146: ASL	R2			;
164150: ADD	R5, R2			; Получили смещение в знакогенераторе
164152: ADD	@#177774, R2		; SYMGEN - адрес знакогенератора
164156: MOV	#000012, R4		; Высота 10. пикселей
164162: MOVB	(R2), R5		;<| Берём строку символа
164164: SWAB	R5			; | Переносим в старший байт
164166: CLRB	R5			; |
164170: BISB	(R2), R5		; | Копируем в младший байт (3/3 яркости в обоих байтах)
164172: INC	R2			; |
164174: BIC	@#177764, R5		; | M.BIC - код яркости
164200: MOV	@#177762, R0		; | M.XOR - инверсия
164204: XOR	R0, R5			; |
164206: MOV	R3, 000002(R1)		; | Устанавливаем косвенный адрес
164212: MOV	R5, (R1)		; | Пишем в видеопамять
164214: ADD	#000100, R3		; | К следующей пиксел-строке
164220: SOB	R4, 164162		; /
164222: MOV	#177572, R0		; VADDR - регистр косвенного адреса
164226: BR	164424			; STEP - переходим к следующей позиции вывода
; CTRL - обработка управляющих кодов (символы с кодом меньше #040)
164230: MOV	#165322, R5		; T.SYLN - таблица разрешённых кодов
164234: BITB	#000010, R4		; SY.LIN в RGMIOT - работа со служебной строкой?
164240: BNE	164252			; да => "SYSLIN"
164242: CMP	(R5)+, (R5)+		; пропуск слова "VT-52"
164244: TSTB	R4			; RGMIOT[7] - режим VT-52?
164246: BMI	164252
164250: CMP	(R5)+, (R5)+		; пропуск слова "NEMIGA"
164252: MOV	(R5)+, R4		; старшее слово маски разрешённых кодов
164254: MOV	(R5), R5		; младшее слово маски
164256: ASHC	R4, R2			; сдвигаем маску до нужного бита (код символа)
164260: BPL	164546			; функция не разрешена => выход
164262: MOVB	165246(R2), R4		; TABL(R2) - по коду символа получаем смещение из таблицы
; CALLR - переход на обработку функции по смещению из TABL/TAR2
164266: BIC	#177400, R4		; смещение не больше 377
164272: ASL	R4			; смещение умножить на 2
164274: MOV	#177770, R5		; AR2 - указатель авторегистра
164300: ADD	R4, PC			; Переходим по 164302 + 2 * смещение из таблицы 165246 (TABL, см. TTIO.MAC)
; SET (+000) - символ 20 либо ESC+131 - прямая адресация курсора;
; следующие два байта строки: N строки+40, N позиции+40
164302: MOVB   	#000002, (R5)
164306: BR     	164546
; CL.SL (+003) - символ 36 - очистка служебной строки
164310: MOV    	#140000, R2		; Косвенный адрес начала экрана
164314: MOV    	#002000, R3		; Сколько слов чистить
164320: MOV    	R2, (R0)
164322: CLR    	(R1)
164324: INC    	R2
164326: SOB    	R3, 164320
164330: BR     	164546
; VT52 (+014) - символ 27 - переход из режима "Немига" в VT-52
164332: BIC    	#000400, (R5)
164336: BIS    	#000200, -(R5)
164342: BR     	164546
;
; ..AR2 (+021, код 33) - автоперенос из TABL: проверка режима VT-52
164344: BIT	#000200, 177776(R5)
164352: BNE	164366			; НЕТ VT-52 => NOCLR
; CLRRS (+025 из TAR2, ESC+106) - ВКЛ/ВЫКЛ звука подтверждения нажатия клавиши
164354: MOV	#040000, R5		; маска бита выключения звука
164360: XOR	R5, @#177760		; RSOUND
164364: BR	164546
; NOCLR - ключ авторегистра (-1)
164366: DECB	(R5)
164370: BR	164546
; RRGM (+034) - символ 06 - сброс режимов вывода
164372: CLR	(R5)
164374: TST	-(R5)
164376: CLR	-(R5)			; M.BIC = 0
164400: CLR	-(R5)			; M.XOR = 0
164402: BR	164546
; SRGM (+041) - символы 02..05 - установка режима вывода
164404: COMB	177760(R2)
164410: BR	164546
; IC (+044) - символ 30 - погасить/включить курсор
164412: MOV    	#000200, R2
; ROLLON (+046) - символ 01 - включить/выключить сдвиг экрана (ролик)
164416: SWAB   	R2
164420: XOR    	R2, (R5)
164422: BR     	164546
;
; STEP - переход к следующей позиции вывода (шаг вправо)
164424: MOV	#177772, R5		; POSITN - текущая позиция курсора
164430: INC	(R5)			; Следующая позиция
164432: MOV	(R5), R3
164434: MOV	R3, R4
164436: BIC	#177700, R4		; Позиция в пределах строки
164442: CMP	R4, #000062		; LENGHT - конец строки?
164446: BLO	164546			; Меньше => завершаем процедуру
164450: BIC	#000077, R3		; Возвращаемся к началу строки
164454: MOV	R3, (R5)		; Сохраняем новое место курсора
; LF - перевод строки (продолжение STEP при переносе строки)
164456: ADD	#001200, R3		; SKIP - добавляем 10 пиксел-строк
164462: CMP	R3, #034700		; LAST.L+100 - дошли до конца экрана?
164466: BLO	164554			; Нет => SCR, сохранить позицию и выйти
; ROLL - сдвиг экрана вверх на одну строку
164470: BIC	#177700, R3		; на первую позицию строки
164474: BITB	#000001, @#177771	; RGMOUT - ролик (автопрокрутка) разрешён?
164502: BNE	164554			; нет => SCR, на первую строку без сдвига
; LROLL - цикл сдвига экрана (косвенная адресация: R0=адрес, R1=данные)
164504: MOV	#142005, R2		; BEGIN0 - косвенный адрес куда копировать
164510: MOV	#143205, R3		; BEGIN0+SKIP - косвенный адрес откуда копировать
164514: MOV	R3, (R0)		; Заносим адрес откуда
164516: MOV	(R1), R4		; Берём слово
164520: MOV	R2, (R0)		; Заносим адрес куда
164522: MOV	R4, (R1)		; Пишем слово
164524: INC	R2			; Переходим к след адресу куда
164526: INC	R3			; К след адресу откуда
164530: BNE	164514			; Экран не кончился? => повторяем
164532: BR	165074			; LER - очистка последней строки
; BS/LEFT (+115) - символ 10 - шаг влево (Backspace)
164534: BIC    	#177700, R3
164540: BEQ    	165104			; игнорируется в первой позиции
164542: DEC    	@#177772		; POSITN - новое смещение курсора левее на 1
164546: BR     	165104
; CR (+123) - символ 15 - возврат каретки; SCR - сохранить позицию курсора и выйти
164550: BIC	#000077, R3		; На начало строки
164554: MOV	R3, @#177772		; POSITN - сохраняем позицию курсора
164560: BR     	165104
; HT (+130) - символ 11 - горизонтальная табуляция с шагом 8
164562: MOV    	R3, R4
164564: BIC    	#177700, R4
164570: CMP    	R4, #000057		; табуляция невозможна?
164574: BHIS   	165104
164576: ADD	#000010, R3
164602: BIC	#000007, R3
164606: BR	164554			; => SCR
; R.RUS (+143) - символ VT-52 16 - переход на русский регистр
164610: BIS    	#000040, -(R5)		; EN.RUS в RGMIOT
164614: BR     	165104
; R.LAT (+146) - символ VT-52 17 - переход на латинский регистр
164616: BIC    	#000040, -(R5)		; EN.RUS в RGMIOT
164622: BR     	165104
; NEMIGA (+151 из TAR2) - символ VT-52 ESC+100 - переход в режим "Немига"
164624: BIC    	#177600, -(R5)		; RGMIOT[7]=0, SBUF=0
164630: BR     	165104

; UP1 (+165) - символ VT-52 ESC+101 или "Немига" 22 - курсор вверх без сдвига кадра
164654:

; SCR (продолжение UP1/CDOWN/CUP/DOWN) - сохранить позицию курсора
164662: MOV	R3, @#177772	; POSITN - новое смещение курсора
164666: BR	165104
; DOWN (+173) - курсор вниз без сдвига кадра
164670: ADD    	#001200, R3	; SKIP - на 10. линий вниз
164674: CMP    	R3, #034700	; LAST.L+100 - вышли за нижний край?
164700: BHIS   	165104		; да => тогда ничего не делаем
164702: BR     	164662		; устанавливаем новое смещение курсора и выходим (SCR)
; RIGHT (+201) - курсор вправо
164704: INC    	R3
164706: MOV    	R3, R4
164710: BIC    	#177700, R4
164714: CMP    	R4, #000062		; LENGHT
164720: BR     	164700
;
; BSCR (+210) - курсор в начало экрана
164722: CLR	R3
164724: BR	164662			; => SCR
; CUP (+156) - курсор на линию вверх; CDOWN (+154) - курсор на линию вниз (при выходе за край)
164726: SUB    	#001200, R3		; SKIP
164732: BPL    	164662			; => SCR
; UP2 (+212) - курсор вверх со сдвигом кадра вниз при выходе за верхний край
164734: CLR    	R2
164736: MOV    	#176600, R3
164742: MOV    	#034600, R5
164746: DEC    	R3
164750: DEC    	R2
164752: MOV    	R3, (R0)
164754: MOV    	(R1), R4
164756: MOV    	R2, (R0)
164760: MOV    	R4, (R1)
164762: SOB    	R5, 164746
164764: MOV    	#001200, R5
164770: INC    	R3
164772: MOV    	R3, (R0)
164774: CLR    	(R1)
164776: SOB    	R5, 164770
165000: BR     	165104
; COD7 (+240) - символ 007 - BELL
165002: BITB   	#000100, @#177761	; байт блокировки SOUND
165010: BNE    	165104
165012: CALL   	@#160126		; SOUND
165016: BR     	165104			; к завершению обработки символа
165020: DR	165022			; адрес мелодии
165022: DB	001, 205, 017, 000	; .COD7 - мелодия
; DELL (+252 из TABL, +252 из TAR2) - символ "Немига" 13, VT-52 ESC+113 - стирание строки от позиции курсора
165026: CALL   	@#165126		; DL - очистка строки от текущей позиции до конца строки
165032: BR     	165104
; DELS (+255) - символ "Немига" 37, VT-52 ESC+112 - стирание кадра от позиции курсора
165034: CALL	@#165126		; DL - очистка строки от текущей позиции до конца строки
165040: BIC	#000077, R3
165044: MOV	R3, R2
165046: ADD	#142005, R2		; BEGIN0 - начало основной части экрана
165052: BPL	165104
165054: BR	165074			; => LER
; ES (+266) - символ 21 - очистка всего экрана, включая служебную строку
165056: MOV	#140000, R2		; SCREEN - косвенный адрес начала экрана
165062: BR	165070
; FF (+271) - символ 14 - перевод формата (Form Feed), очистка кадра; служебная строка сохраняется
165064: MOV	#142000, R2		; BEGIN0-VBLANK+... начало экрана после служебной строки
165070: CLR	@#177772		; POSITN - курсор будет в начале экрана
; LER - цикл очистки экрана от R2 до конца
165074: MOV	R2, (R0)		;<| Косвенный адрес
165076: CLR	(R1)			; | Очищаем слово
165100: INC	R2			; | Увеличиваем адрес
165102: BNE	165074			; / дошли до конца ? нет => повторяем
; OUTT (+301 из TABL и TAR2) - символ 00, ESC+105, ESC+107 - неиспользуемый код символа;
; также общая точка выхода из обработки любого символа - восстановление регистров
165104: CALL	@#165176		; CURSOR - восстановление курсора
165110: MOV	(SP)+, R5
165112: MOV	(SP)+, R4
165114: MOV	(SP)+, R3
165116: MOV	(SP)+, R2
165120: MOV	(SP)+, R1
165122: MOV	(SP)+, R0
165124: RETURN	
; DL - очистка строки от текущей позиции (R3) до конца строки
165126: MOV	#000012, R5		; 10. итераций (по пиксель-строкам символа)
165132: MOV	R3, R2
165134: MOV	#000062, R4		; LENGHT - позиций в строке
165140: BIC	#177700, R2
165144: SUB	R2, R4
165146: BLE	165166			; NOD
165150: MOV	R3, R2
165152: ADD	#142005, R2		; BEGIN0 - начало основной части экрана
165156: MOV	R2, (R0)		; LDDL
165160: CLR	(R1)
165162: INC	R2
165164: SOB	R4, 165156
165166: ADD	#000100, R3		; NOD
165172: SOB	R5, 165132
165174: RETURN
;
; CURSOR - гашение/восстановление курсора
165176: MOV	#177570, R1		; VDATA - регистр данных косвенного доступа к памяти
165202: MOV	#177572, R0		; VADDR - регистр косвенного адреса
165206: MOV	@#177772, R3		; POSITN - место курсора от начала ГЗУ
165212: BMI	165244			; NOIM
165214: TSTB	@#177771		; RGMOUT - выключенный курсор?
165220: BMI	165244			; NOIM
165222: TSTB	@#177757		; RGLIMM - погашен курсор при мигании?
165226: BPL	165244			; не виден => не нужно убирать (NOIM)
165230: MOV	R3, R4
165232: ADD	#143105, R4		; OFFSET - абсолютная координата курсора (+ адрес 25-й строки экрана)
165236: BPL	165244			; NOIM
165240: MOV	R4, (R0)		; Устанавливаем косвенный адрес
165242: COM	(R1)			; Инвертируем восемь пикселей - курсор
165244: RETURN				; NOIM
; TABL - таблица смещений переходов для обработки спецсимволов (коды 00-37)
165246: DB	301, 046, 041, 041, 041, 041, 034, 240	; 00..07
165256: DB	115, 130, 066, 252, 271, 123, 143, 146	; 10..17
165266: DB	000, 266, 165, 154, 156, 210, 173, 014	; 20..27
165276: DB	044, 201, 115, 021, 212, 066, 003, 255	; 30..37
; TAR2 - таблица смещений переходов для обработки символов ESC + 100..113 (авторегистр)
165306: DB	151, 165, 173, 201, 115, 301, 025, 301	; 100..107
165316: DB	210, 212, 255, 252

; ==== Графические примитивы - см. GRAF.MAC ==========================================
;
; Рисование линии из точки (XOLD,YOLD) в точку (XNEW,YNEW); после выполнения
; операции XOLD=XNEW, YOLD=YNEW. Вызов: DRAW BRIGHT,X2,Y2 [,XOLD,YOLD]
; QDRAW - точка входа для QUASIC
165336: MOV    	(SP), R5
; FDRAW - точка входа для FORTRAN
165340: CALL   	@#166040		; FORT
; DRAW - нарисовать линию из (XOLD,YOLD) в (XNEW,YNEW), затем сдвинуть XOLD,YOLD
165344: CALL   	@#165374		; LINE
165350: MOV    	@#000212, @#000216	; XNEW -> XOLD
165356: MOV    	@#000214, @#000220	; YNEW -> YOLD
165364: RETURN
;
; Рисование линии из точки (X2,Y2) в точку (X1,Y1); LINE BRIGHT [,X1 [,Y1 [,X2 [,Y2]]]]
; QLINE - точка входа для QUASIC
165366: MOV    	(SP), R5
; FLINE - точка входа для FORTRAN
165370: CALL   	@#166040		; FORT
; LINE - нарисовать линию из (XOLD,YOLD) в (XNEW,YNEW), алгоритм Брезенхэма
165374: MOV    	#000212, R5		; XNEW - адрес координат
165400: MOV    	(R5)+, R0		; X NEW
165402: MOV    	(R5)+, R1		; Y NEW
165404: MOV    	(R5)+, R2		; X OLD
165406: MOV    	(R5)+, R3		; Y OLD
165410: CLR    	@#000204		; REV - реверс: меньше или больше П/4
165414: MOV    	#000001, R4
165420: MOV    	R4, R5
165422: SUB    	R2, R0			; DELTA X = XN-XO
165424: BPL    	165432			; => XPL
165426: NEG    	R0			; модуль приращения DX
165430: NEG    	R5			; знак DX +/-1
; XPL
165432: SUB    	R3, R1			; DELTA Y = YN-YO
165434: BPL    	165442			; => YPL
165436: NEG    	R1			; модуль DY
165440: NEG    	R4			; знак DY +/-1
; YPL - если DX<DY, меняем местами оси (реверс)
165442: CMP    	R0, R1
165444: BGE    	165474			; => L45
165446: MOV    	R0, -(SP)
165450: MOV    	R1, R0
165452: MOV    	(SP), R1		; DX <-> DY
165454: MOV    	R4, (SP)
165456: MOV    	R5, R4
165460: MOV    	(SP), R5		; SX <-> SY
165462: MOV    	R2, (SP)
165464: MOV    	R3, R2
165466: MOV    	(SP)+, R3		; XO <-> YO
165470: INC    	@#000204		; REV - флаг реверса
; L45 - если DX=0, единственная точка
165474: TST    	R0
165476: BEQ    	165542			; => OUT
165500: ASL    	R1			; 2DY
165502: MOV    	R0, -(SP)
165504: ASL    	(SP)			; 2DX
165506: MOV    	R1, -(SP)
165510: SUB    	R0, (SP)		; 2DY-DX=D - флаг наклона
; LOOP
165512: CALL   	@#165542		; OUT - вывод точки
165516: TST    	(SP)
165520: BMI    	165530			; => DMI
165522: SUB    	000002(SP), (SP)	; D=D-2DX
165526: ADD    	R4, R3			; YO=YO+SY
; DMI
165530: ADD    	R1, (SP)		; D=D+2DY
165532: ADD    	R5, R2			; XO=XO+SX
165534: SOB    	R0, 165512		; WELL - счётчик=DX, => LOOP
165536: CMP    	(SP)+, (SP)+		; восстановить стек
165540: RETURN
; OUT - вывод точки (R2,R3) с учётом реверса осей
165542: MOV    	R1, -(SP)		; Сохраняем регистры
165544: MOV    	R2, -(SP)
165546: MOV    	R3, -(SP)
165550: TST    	@#000204		; REV - реверс?
165554: BEQ    	165562			; => X
165556: MOV    	R2, R3			; восстановить X,Y
165560: MOV    	(SP), R2
; X
165562: CALL   	@#165614		; WRIT.P - записать точку
165566: MOV    	(SP)+, R3		; Восстанавливаем регистры
165570: MOV    	(SP)+, R2
165572: MOV    	(SP)+, R1
165574: RETURN
;
; Нарисовать точку. Вызов: POINT BRIGHT [,X [,Y]]
; QPOINT - точка входа для QUASIC
165576: MOV	(SP), R5
; FPOINT - точка входа для FORTRAN
165600: CALL	@#166040		; FORT
; POINT - нарисовать точку
165604: MOV	@#000212, R2		; XNEW
165610: MOV	@#000214, R3		; YNEW
; WRIT.P - записать точку (R2,R3) с учётом BRIGHT
165614: CALL	@#163512		; MODE3 - режим HALT-монитора
165620: CALL	@#165746		; COORD - преобразовать координаты
165624: BLO	165656			; за пределами экрана => NOOUT
165626: TST	(R1)+			; R1=2
165630: MOV	@#000210, R2		; BRIGHT
; LO - цикл вывода двух битов яркости
165634: ASR	R2
165636: BLO	165646			; => BIS1
165640: BIC	R3, @#177570		; RD - пишем в экран
165644: BR	165652			; => BIC1
; BIS1
165646: BIS	R3, @#177570		; RD - пишем в экран
; BIC1
165652: SWAB	R3
165654: SOB	R1, 165634		; => LO
; NOOUT
165656: RETURN
;
; Чтение яркости точки с координатами (X,Y). Вызов: RPOINT BRIGHT,X,Y
; QRPOIN - точка входа для QUASIC
165660: MOV    	(SP), R5
; FRPOIN - точка входа для FORTRAN
165662: CALL   	@#166040		; FORT
165666: BR     	165674			; => READ.P
; RPOINT - точка входа с прямым заданием адреса кода яркости
165670: MOV    	#000210, R4		; BRIGHT - адрес кода яркости
; READ.P - прочитать яркость точки
165674: MOV    	@#000212, R2		; XNEW
165700: MOV    	@#000214, R3		; YNEW
165704: CLR    	(R4)
165706: CALL   	@#163512		; MODE3
165712: CALL   	@#165746		; COORD - преобразование координат
165716: BLO    	165742			; => NORD
165720: MOV    	#000002, R1
; 2$ - чтение яркости
165724: SWAB   	R3
165726: BIT    	R3, @#177570		; RD
165732: BEQ    	165736			; => 1$
165734: ADD    	R1, (R4)
165736: SOB    	R1, 165724		; 1$: => 2$
165740: RETURN
; NORD - за экраном, яркость -1
165742: DEC    	(R4)
165744: RETURN
; COORD - Нахождение точки на экране; устанавливает косвенный адрес, возвращает маску в R3
165746: MOV	R2, R1
165750: CMP	#000637, R2		; (LENGHT+2)*8-1 - граница X
165754: BLO	166036			; C=1 => NOFMT
165756: ASH	R2, #177775		; ASH #-3,R2
165762: CMP	(R2)+, (R2)+		; +4 (пропуск слова)
165764: CMP	#000377, R3		; 255. - граница Y
165770: BLO	166036			; C=1 => NOFMT
165772: CMP	@#000206, R3		; VFORM
165776: BLO	166036			; C=1 => NOFMT
166000: COMB	R3
166002: SWAB	R3
166004: SEC
166006: ROR	R3
166010: ASR	R3
166012: BIS	R3, R2
166014: MOV	R2, @#177572		; RA - устанавливаем косвенный адрес
166020: BIC	#177770, R1
166024: INC	R1
166026: CLR	R3
166030: SEC
; LOOPB
166032: ROR	R3
166034: SOB	R1, 166032
; NOFMT
166036: RETURN
; FORT - Подготовка параметров перед вызовом для FORTRAN
166040: MOV     (R5)+, R0		; число параметров
166042: MOV     (R5), R4		; адрес яркости
166044: BIC     #177770, R0
166050: BEQ     166062			; => NOPARS
166052: MOV     #000210, R3		; BRIGHT - внутренние значения
; PARS - область заполнения
166056: MOV     @(R5)+, (R3)+
166060: SOB     R0, 166056		; => PARS
; NOPARS
166062: RETURN
;
; ==== Стандартный знакогенератор ====
166064:		; Знакогенератор, 96 символов (0x20..0x80), 10 байт/символ
; CODES 40-77: DIGITS & SPECIAL SYMBOLS
; DIGIT
	.BYTE	0,0,0,0,0,0,0,0,0,0			; SPACE
	.BYTE	0,30,74,74,30,30,0,30,0,0		; !
	.BYTE	0,66,66,66,0,0,0,0,0,0			; "
	...
	.BYTE	0,0,0,176,0,176,0,0,0,0			; =
	.BYTE	0,60,30,14,6,14,30,60,0,0		; >
	.BYTE	0,74,146,6,14,30,0,30,0,0		; ?
; CODES 100-137: GREAT LATINE LETTERS
; LATBIG
	.BYTE	0,76,143,157,157,157,140,74,0,0		; @
	.BYTE	0,30,74,146,146,176,146,146,0,0		; A
	.BYTE	0,176,63,63,76,63,63,176,0,0		; B
	...
	.BYTE	0,74,14,14,14,14,14,74,0,0		; ]
	.BYTE	0,0,0,177,1,1,0,0,0,0			; ^
	.BYTE	0,0,0,0,0,0,0,0,377,0			; _
; CODES 140-177: GREAT RUSSIAN LETTERS
; RUSBIG
	.BYTE	0,146,153,153,173,153,153,146,0,0	; Ю.
	.BYTE	0,30,74,146,146,176,146,146,0,0		; А.
	.BYTE	0,177,60,60,76,63,63,176,0,0		; Б.
	...
	.BYTE	0,143,153,153,153,153,153,177,3,0	; Щ.
	.BYTE	0,143,143,143,77,3,3,3,0,0		; Ч.
	.BYTE	0,377,377,377,377,377,377,377,0,0	; DEL

; ==== Регистры ====
170000: DW		; Используется м/с умножителя
170002: DW		; Используется м/с умножителя
170004: DW		; Используется м/с умножителя
170006: DW		; Регистр данных клавиатуры / фиксации HALT запросов
170010: DW		; Регистр состояния адаптера локальной сети
170012: DW		; Регистр данных адаптера локальной сети
170014: DW		; ??

170020: DW		; RgStSnd  - регистр состояния таймера
170022: DW		; RgF      - регистр частоты
170024: DW		; RgLength - регистр длительности
170026: DW		; RgOn     - включение звука (обращение)
170030: DW		; RgOct    - регистр октавы и громкости
170032: DW		; RgOff    - выключение звука (обращение)

177100: DW		; RgStat   - регистр состояния контроллера дисковода
177102: DW		; RgData   - регистр данных
177104: DW		; RgCntrl  - регистр управления
177106: DW		; RgTime   - регистр таймера контроллера дисковода

177170: DW		; Регистр состояния дисковода DX
177172: DW		; Регистр данных дисковода DX

177514: DW		; Регистр данных устройства сопряжения
177516: DW		; Регистр состояния усройства сопряжения

177560: DW		; KBS      - регистр состояния клавиатуры
177562: DW		; KBD      - регистр данных клавиатуры
177564: DW		; TTS      - регистр состояния дисплея
177566: DW		; TTD      - регистр данных дисплея

177570: DW		; VDATA    - регистр данных косвенного доступа
177572: DW		; VADDR    - регистр адреса косвенного доступа

; ==== Блок переменных ====
177720: DW		; R0  при останове
177722: DW		; R1  при останове
177724: DW		; R2  при останове
177726: DW		; R3  при останове
177730: DW		; R4  при останове
177732: DW		; R5  при останове
177734: DW		; SP  при останове
177736: DW		; PC  при останове
177740: DW		; PSW при останове
177750: DW		; Адрес начала мелодии
177752:	DW		; Адрес продолжения мелодии
177754: DW		; Адрес подпрограммы SOUND
177756: DB		; Счётчик мигания курсора
177757: DB		; Состояние курсора: 000 - не виден, 377 - виден
177760: DB		; Счётчик длительности ноты
177761: DB		; Байт блокировки вызова SOUND
177762: DW		; FRG    Маска фона для вывода символа
177764: DW		; COL    Маска гашения символа перед выводом
177766: DW		; Какие-то важные флаги??
177770: DW		; SIZE   Размер экрана в байтах, начиная от начала ГЗУ
177772: DW		; CUR    Место курсора от начала ГЗУ
177774: DW		; SYMGEN Адрес знакогенератора, по умолчанию 166064
177776: DW		; Значение #056311
